******************************************************************************
                  TMS470 Linker PC v4.9.5                      
******************************************************************************
>> Linked Sat Jan 04 19:08:48 2014

OUTPUT FILE NAME:   <pocketwatch.out>
ENTRY POINT SYMBOL: "_c_int00"  address: 00000b09


MEMORY CONFIGURATION

         name            origin    length      used     unused   attr    fill
----------------------  --------  ---------  --------  --------  ----  --------
  FLASH                 00000000   00040000  00000cba  0003f346  R  X
  SRAM                  20000000   00008000  0000013c  00007ec4  RW X


SEGMENT ALLOCATION MAP

run origin  load origin   length   init length attrs members
----------  ----------- ---------- ----------- ----- -------
00000000    00000000    00000cc0   00000cc0    r-x
  00000000    00000000    0000026c   0000026c    r-- .intvecs
  0000026c    0000026c    000009d6   000009d6    r-x .text
  00000c44    00000c44    00000040   00000040    r-- .const
  00000c88    00000c88    00000038   00000038    r-- .cinit
20000000    20000000    00000128   00000000    rw-
  20000000    20000000    00000100   00000000    rw- .stack
  20000100    20000100    00000028   00000000    rw- .bss
20000128    20000128    00000014   00000014    rw-
  20000128    20000128    00000014   00000014    rw- .data


SECTION ALLOCATION MAP

 output                                  attributes/
section   page    origin      length       input sections
--------  ----  ----------  ----------   ----------------
.intvecs   0    00000000    0000026c     
                  00000000    0000026c     startup_ccs.obj (.intvecs)

.init_array 
*          0    00000000    00000000     UNINITIALIZED

.text      0    0000026c    000009d6     
                  0000026c    0000022a     project0.obj (.text:_Z8sendLEDsv)
                  00000496    00000002     startup_ccs.obj (.text:FaultISR)
                  00000498    0000013c     driverlib-cm4f.lib : sysctl.obj (.text:SysCtlClockSet)
                  000005d4    000000e8     project0.obj (.text:main)
                  000006bc    000000c8     driverlib-cm4f.lib : gpio.obj (.text:GPIOPadConfigSet)
                  00000784    000000b4     project0.obj (.text:_Z9blankLEDsi)
                  00000838    0000009c     project0.obj (.text:_ZN6WS28118sendByteEi)
                  000008d4    0000009c     rtsv7M4_T_le_v4SPD16_eabi.lib : memcpy_t2.obj (.text)
                  00000970    00000094                                   : auto_init.obj (.text)
                  00000a04    0000005e                                   : copy_decompress_rle.obj (.text)
                  00000a62    00000002     startup_ccs.obj (.text:IntDefaultHandler)
                  00000a64    00000058     driverlib-cm4f.lib : sysctl.obj (.text:SysCtlPeripheralEnable)
                  00000abc    0000004c     rtsv7M4_T_le_v4SPD16_eabi.lib : cpy_tbl.obj (.text)
                  00000b08    00000048                                   : boot.obj (.text)
                  00000b50    00000044                                   : exit.obj (.text)
                  00000b94    0000002e     driverlib-cm4f.lib : gpio.obj (.text:GPIODirModeSet)
                  00000bc2    00000002     startup_ccs.obj (.text:NmiSR)
                  00000bc4    00000018     rtsv7M4_T_le_v4SPD16_eabi.lib : _lock.obj (.text)
                  00000bdc    00000018                                   : args_main.obj (.text)
                  00000bf4    00000012     driverlib-cm4f.lib : gpio.obj (.text:GPIOPinTypeGPIOOutput)
                  00000c06    00000012     rtsv7M4_T_le_v4SPD16_eabi.lib : copy_zero_init.obj (.text:decompress:ZI)
                  00000c18    0000000e                                   : copy_decompress_none.obj (.text:decompress:none)
                  00000c26    0000000a     driverlib-cm4f.lib : gpio.obj (.text:GPIOPinWrite)
                  00000c30    00000006     startup_ccs.obj (.text:ResetISR)
                  00000c36    00000006     driverlib-cm4f.lib : sysctl.obj (.text:SysCtlDelay)
                  00000c3c    00000006     rtsv7M4_T_le_v4SPD16_eabi.lib : copy_decompress_rle.obj (.text:decompress:rle24)

.const     0    00000c44    00000040     
                  00000c44    00000040     driverlib-cm4f.lib : sysctl.obj (.const)

.cinit     0    00000c88    00000038     
                  00000c88    0000000f     (.cinit..data.load) [load image, compression = rle]
                  00000c97    00000001     --HOLE-- [fill = 0]
                  00000c98    0000000c     (__TI_handler_table)
                  00000ca4    00000004     --HOLE-- [fill = 0]
                  00000ca8    00000008     (.cinit..bss.load) [load image, compression = zero_init]
                  00000cb0    00000010     (__TI_cinit_table)

.stack     0    20000000    00000100     UNINITIALIZED
                  20000000    00000100     --HOLE--

.bss       0    20000100    00000028     UNINITIALIZED
                  20000100    00000028     project0.obj (.bss)

.data      0    20000128    00000014     
                  20000128    00000008     rtsv7M4_T_le_v4SPD16_eabi.lib : _lock.obj (.data)
                  20000130    00000008                                   : exit.obj (.data)
                  20000138    00000004                                   : stkdepth_vars.obj (.data)


LINKER GENERATED COPY TABLES

__TI_cinit_table @ 00000cb0 records: 2, size/record: 8, table size: 16
	.data: load addr=00000c88, load size=0000000f bytes, run addr=20000128, run size=00000014 bytes, compression=rle
	.bss: load addr=00000ca8, load size=00000008 bytes, run addr=20000100, run size=00000028 bytes, compression=zero_init


LINKER GENERATED HANDLER TABLE

__TI_handler_table @ 00000c98 records: 3, size/record: 4, table size: 12
	index: 0, handler: __TI_decompress_rle24
	index: 1, handler: __TI_decompress_none
	index: 2, handler: __TI_zero_init


GLOBAL SYMBOLS: SORTED ALPHABETICALLY BY Name 

address    name
--------   ----
00000b51   C$$EXIT
00000b95   GPIODirModeSet
000006bd   GPIOPadConfigSet
00000bf5   GPIOPinTypeGPIOOutput
00000c27   GPIOPinWrite
00000c31   ResetISR
UNDEFED    SHT$$INIT_ARRAY$$Base
UNDEFED    SHT$$INIT_ARRAY$$Limit
00000499   SysCtlClockSet
00000c37   SysCtlDelay
00000a65   SysCtlPeripheralEnable
0000026d   _Z8sendLEDsv
00000785   _Z9blankLEDsi
00000839   _ZN6WS28118sendByteEi
20000100   __STACK_END
00000100   __STACK_SIZE
20000100   __STACK_TOP
00000cb0   __TI_CINIT_Base
00000cc0   __TI_CINIT_Limit
00000c98   __TI_Handler_Table_Base
00000ca4   __TI_Handler_Table_Limit
00000001   __TI_args_main
00000971   __TI_auto_init
00000c19   __TI_decompress_none
00000c3d   __TI_decompress_rle24
00000000   __TI_static_base__
00000c07   __TI_zero_init
000008d5   __aeabi_memcpy
000008d5   __aeabi_memcpy4
000008d5   __aeabi_memcpy8
ffffffff   __binit__
ffffffff   __c_args__
20000000   __stack
00000bdd   _args_main
00000b09   _c_int00
20000130   _cleanup_ptr
20000134   _dtors_ptr
20000128   _lock
00000bd1   _nop
00000bcb   _register_lock
00000bc5   _register_unlock
2000012c   _unlock
00000b55   abort
ffffffff   binit
00000abd   copy_in
00000b5d   exit
00000000   g_pfnVectors
20000104   led1
20000110   led2
2000011c   led3
000005d5   main
20000138   main_func_sp
000008d5   memcpy
20000100   ws2811


GLOBAL SYMBOLS: SORTED BY Symbol Address 

address    name
--------   ----
00000000   __TI_static_base__
00000000   g_pfnVectors
00000001   __TI_args_main
00000100   __STACK_SIZE
0000026d   _Z8sendLEDsv
00000499   SysCtlClockSet
000005d5   main
000006bd   GPIOPadConfigSet
00000785   _Z9blankLEDsi
00000839   _ZN6WS28118sendByteEi
000008d5   __aeabi_memcpy
000008d5   __aeabi_memcpy4
000008d5   __aeabi_memcpy8
000008d5   memcpy
00000971   __TI_auto_init
00000a65   SysCtlPeripheralEnable
00000abd   copy_in
00000b09   _c_int00
00000b51   C$$EXIT
00000b55   abort
00000b5d   exit
00000b95   GPIODirModeSet
00000bc5   _register_unlock
00000bcb   _register_lock
00000bd1   _nop
00000bdd   _args_main
00000bf5   GPIOPinTypeGPIOOutput
00000c07   __TI_zero_init
00000c19   __TI_decompress_none
00000c27   GPIOPinWrite
00000c31   ResetISR
00000c37   SysCtlDelay
00000c3d   __TI_decompress_rle24
00000c98   __TI_Handler_Table_Base
00000ca4   __TI_Handler_Table_Limit
00000cb0   __TI_CINIT_Base
00000cc0   __TI_CINIT_Limit
20000000   __stack
20000100   __STACK_END
20000100   __STACK_TOP
20000100   ws2811
20000104   led1
20000110   led2
2000011c   led3
20000128   _lock
2000012c   _unlock
20000130   _cleanup_ptr
20000134   _dtors_ptr
20000138   main_func_sp
ffffffff   __binit__
ffffffff   __c_args__
ffffffff   binit
UNDEFED    SHT$$INIT_ARRAY$$Base
UNDEFED    SHT$$INIT_ARRAY$$Limit

[54 symbols]
